[{"stream_name":"stdout","time":6.681110601,"data":"[INFO] Using device: cuda\n"}
,{"stream_name":"stdout","time":6.718006976,"data":"[INFO] GPU Name: Tesla T4\n"}
,{"stream_name":"stdout","time":12.439692249,"data":"[INFO] Starting training. Total budget: 1140s. Reserved for eval: 45s.\n"}
,{"stream_name":"stdout","time":13.091503342,"data":"Adam step=    0 loss=6.849e+01 | elapsed=6.4s\n"}
,{"stream_name":"stdout","time":30.199093669,"data":"Adam step=  200 loss=1.700e+00 | elapsed=23.4s\n"}
,{"stream_name":"stdout","time":47.414696497,"data":"Adam step=  400 loss=9.784e-01 | elapsed=40.6s\n"}
,{"stream_name":"stdout","time":64.800652104,"data":"Adam step=  600 loss=4.531e-01 | elapsed=58.0s\n"}
,{"stream_name":"stdout","time":82.381790346,"data":"Adam step=  800 loss=3.366e-01 | elapsed=75.6s\n"}
,{"stream_name":"stdout","time":100.207677914,"data":"Adam step= 1000 loss=2.248e-01 | elapsed=93.4s\n"}
,{"stream_name":"stdout","time":118.304797463,"data":"Adam step= 1200 loss=1.657e-01 | elapsed=111.5s\n"}
,{"stream_name":"stdout","time":136.535487127,"data":"Adam step= 1400 loss=1.392e-01 | elapsed=129.7s\n"}
,{"stream_name":"stdout","time":154.607936116,"data":"Adam step= 1600 loss=3.231e-01 | elapsed=147.8s\n"}
,{"stream_name":"stdout","time":172.59139908,"data":"Adam step= 1800 loss=2.563e-01 | elapsed=165.8s\n"}
,{"stream_name":"stdout","time":190.587579974,"data":"Adam step= 2000 loss=1.046e-01 | elapsed=183.8s\n"}
,{"stream_name":"stdout","time":208.644737529,"data":"Adam step= 2200 loss=1.139e-01 | elapsed=201.9s\n"}
,{"stream_name":"stdout","time":226.703643928,"data":"Adam step= 2400 loss=8.736e-02 | elapsed=219.9s\n"}
,{"stream_name":"stdout","time":244.756179517,"data":"Adam step= 2600 loss=6.121e-02 | elapsed=238.0s\n"}
,{"stream_name":"stdout","time":262.789187007,"data":"Adam step= 2800 loss=1.180e-01 | elapsed=256.0s\n"}
,{"stream_name":"stdout","time":280.80567926,"data":"Adam step= 3000 loss=1.874e-01 | elapsed=274.0s\n"}
,{"stream_name":"stdout","time":298.832285325,"data":"Adam step= 3200 loss=4.186e-02 | elapsed=292.0s\n"}
,{"stream_name":"stdout","time":316.873863014,"data":"Adam step= 3400 loss=4.258e-01 | elapsed=310.1s\n"}
,{"stream_name":"stdout","time":334.916814325,"data":"Adam step= 3600 loss=3.391e-02 | elapsed=328.1s\n"}
,{"stream_name":"stdout","time":352.967572507,"data":"Adam step= 3800 loss=3.257e-02 | elapsed=346.2s\n"}
,{"stream_name":"stdout","time":371.028424275,"data":"Adam step= 4000 loss=2.797e-02 | elapsed=364.2s\n"}
,{"stream_name":"stdout","time":389.081996709,"data":"Adam step= 4200 loss=8.360e-02 | elapsed=382.3s\n"}
,{"stream_name":"stdout","time":407.131719286,"data":"Adam step= 4400 loss=2.541e-02 | elapsed=400.3s\n"}
,{"stream_name":"stdout","time":425.176843623,"data":"Adam step= 4600 loss=2.253e-02 | elapsed=418.4s\n"}
,{"stream_name":"stdout","time":443.214762187,"data":"Adam step= 4800 loss=2.078e-01 | elapsed=436.4s\n"}
,{"stream_name":"stdout","time":461.249687003,"data":"Adam step= 5000 loss=1.988e-02 | elapsed=454.5s\n"}
,{"stream_name":"stdout","time":479.279051362,"data":"Adam step= 5200 loss=4.284e-02 | elapsed=472.5s\n"}
,{"stream_name":"stdout","time":497.308574663,"data":"Adam step= 5400 loss=3.208e-02 | elapsed=490.5s\n"}
,{"stream_name":"stdout","time":515.34460217,"data":"Adam step= 5600 loss=5.081e-02 | elapsed=508.6s\n"}
,{"stream_name":"stdout","time":533.373717318,"data":"Adam step= 5800 loss=3.689e-01 | elapsed=526.6s\n"}
,{"stream_name":"stdout","time":551.405844912,"data":"Adam step= 6000 loss=2.476e-02 | elapsed=544.6s\n"}
,{"stream_name":"stdout","time":569.42372487,"data":"Adam step= 6200 loss=3.927e-02 | elapsed=562.6s\n"}
,{"stream_name":"stdout","time":587.451522878,"data":"Adam step= 6400 loss=1.847e-02 | elapsed=580.7s\n"}
,{"stream_name":"stdout","time":605.472672503,"data":"Adam step= 6600 loss=1.550e-02 | elapsed=598.7s\n"}
,{"stream_name":"stdout","time":623.498042421,"data":"Adam step= 6800 loss=1.228e-02 | elapsed=616.7s\n"}
,{"stream_name":"stdout","time":641.524440683,"data":"Adam step= 7000 loss=1.782e-02 | elapsed=634.7s\n"}
,{"stream_name":"stdout","time":659.552704246,"data":"Adam step= 7200 loss=1.228e-02 | elapsed=652.8s\n"}
,{"stream_name":"stdout","time":677.57811409,"data":"Adam step= 7400 loss=1.211e-02 | elapsed=670.8s\n"}
,{"stream_name":"stdout","time":695.599985776,"data":"Adam step= 7600 loss=2.150e-02 | elapsed=688.8s\n"}
,{"stream_name":"stdout","time":713.632935059,"data":"Adam step= 7800 loss=9.895e-03 | elapsed=706.8s\n"}
,{"stream_name":"stdout","time":731.674503208,"data":"Adam step= 8000 loss=1.447e-02 | elapsed=724.9s\n"}
,{"stream_name":"stdout","time":749.715575411,"data":"Adam step= 8200 loss=2.510e-02 | elapsed=742.9s\n"}
,{"stream_name":"stdout","time":767.760717925,"data":"Adam step= 8400 loss=7.038e-02 | elapsed=761.0s\n"}
,{"stream_name":"stdout","time":773.280025535,"data":"\n"}
,{"stream_name":"stdout","time":773.280058578,"data":"[INFO] Switching to L-BFGS refinement. Elapsed: 766.6s\n"}
,{"stream_name":"stdout","time":775.798306316,"data":"L-BFGS loss: 8.901e-03 | elapsed=769.1s\n"}
,{"stream_name":"stdout","time":777.961336934,"data":"L-BFGS loss: 8.470e-03 | elapsed=771.2s\n"}
,{"stream_name":"stdout","time":780.255404457,"data":"L-BFGS loss: 7.881e-03 | elapsed=773.5s\n"}
,{"stream_name":"stdout","time":782.555363796,"data":"L-BFGS loss: 7.448e-03 | elapsed=775.8s\n"}
,{"stream_name":"stdout","time":784.758347424,"data":"L-BFGS loss: 7.013e-03 | elapsed=778.0s\n"}
,{"stream_name":"stdout","time":787.05426474,"data":"L-BFGS loss: 6.789e-03 | elapsed=780.3s\n"}
,{"stream_name":"stdout","time":789.441586972,"data":"L-BFGS loss: 6.510e-03 | elapsed=782.7s\n"}
,{"stream_name":"stdout","time":791.737175286,"data":"L-BFGS loss: 6.298e-03 | elapsed=785.0s\n"}
,{"stream_name":"stdout","time":794.125282666,"data":"L-BFGS loss: 6.137e-03 | elapsed=787.4s\n"}
,{"stream_name":"stdout","time":796.606049201,"data":"L-BFGS loss: 5.965e-03 | elapsed=789.9s\n"}
,{"stream_name":"stdout","time":798.997258896,"data":"L-BFGS loss: 5.810e-03 | elapsed=792.3s\n"}
,{"stream_name":"stdout","time":801.391558465,"data":"L-BFGS loss: 5.706e-03 | elapsed=794.7s\n"}
,{"stream_name":"stdout","time":803.87416541,"data":"L-BFGS loss: 5.570e-03 | elapsed=797.2s\n"}
,{"stream_name":"stdout","time":806.351262034,"data":"L-BFGS loss: 5.422e-03 | elapsed=799.6s\n"}
,{"stream_name":"stdout","time":808.556681296,"data":"L-BFGS loss: 5.282e-03 | elapsed=801.8s\n"}
,{"stream_name":"stdout","time":810.939320203,"data":"L-BFGS loss: 5.120e-03 | elapsed=804.2s\n"}
,{"stream_name":"stdout","time":813.321686464,"data":"L-BFGS loss: 4.988e-03 | elapsed=806.6s\n"}
,{"stream_name":"stdout","time":815.611290851,"data":"L-BFGS loss: 4.866e-03 | elapsed=808.9s\n"}
,{"stream_name":"stdout","time":817.903317598,"data":"L-BFGS loss: 4.763e-03 | elapsed=811.2s\n"}
,{"stream_name":"stdout","time":820.372685196,"data":"L-BFGS loss: 4.643e-03 | elapsed=813.7s\n"}
,{"stream_name":"stdout","time":822.672358789,"data":"L-BFGS loss: 4.558e-03 | elapsed=816.0s\n"}
,{"stream_name":"stdout","time":825.057891621,"data":"L-BFGS loss: 4.463e-03 | elapsed=818.3s\n"}
,{"stream_name":"stdout","time":827.352696068,"data":"L-BFGS loss: 4.352e-03 | elapsed=820.6s\n"}
,{"stream_name":"stdout","time":829.740950583,"data":"L-BFGS loss: 4.264e-03 | elapsed=823.0s\n"}
,{"stream_name":"stdout","time":832.134975972,"data":"L-BFGS loss: 4.203e-03 | elapsed=825.4s\n"}
,{"stream_name":"stdout","time":834.522043696,"data":"L-BFGS loss: 4.131e-03 | elapsed=827.8s\n"}
,{"stream_name":"stdout","time":836.906973789,"data":"L-BFGS loss: 4.052e-03 | elapsed=830.2s\n"}
,{"stream_name":"stdout","time":839.477557844,"data":"L-BFGS loss: 3.955e-03 | elapsed=832.8s\n"}
,{"stream_name":"stdout","time":841.779283788,"data":"L-BFGS loss: 3.868e-03 | elapsed=835.1s\n"}
,{"stream_name":"stdout","time":844.258370267,"data":"L-BFGS loss: 3.803e-03 | elapsed=837.5s\n"}
,{"stream_name":"stdout","time":846.549599333,"data":"L-BFGS loss: 3.711e-03 | elapsed=839.8s\n"}
,{"stream_name":"stdout","time":848.843069756,"data":"L-BFGS loss: 3.641e-03 | elapsed=842.1s\n"}
,{"stream_name":"stdout","time":851.230418122,"data":"L-BFGS loss: 3.584e-03 | elapsed=844.5s\n"}
,{"stream_name":"stdout","time":853.513527411,"data":"L-BFGS loss: 3.502e-03 | elapsed=846.8s\n"}
,{"stream_name":"stdout","time":855.892764128,"data":"L-BFGS loss: 3.423e-03 | elapsed=849.2s\n"}
,{"stream_name":"stdout","time":858.090008675,"data":"L-BFGS loss: 3.371e-03 | elapsed=851.4s\n"}
,{"stream_name":"stdout","time":860.384401778,"data":"L-BFGS loss: 3.330e-03 | elapsed=853.7s\n"}
,{"stream_name":"stdout","time":862.590145644,"data":"L-BFGS loss: 3.276e-03 | elapsed=855.9s\n"}
,{"stream_name":"stdout","time":864.973312442,"data":"L-BFGS loss: 3.216e-03 | elapsed=858.3s\n"}
,{"stream_name":"stdout","time":867.264858545,"data":"L-BFGS loss: 3.158e-03 | elapsed=860.5s\n"}
,{"stream_name":"stdout","time":869.741814499,"data":"L-BFGS loss: 3.102e-03 | elapsed=863.0s\n"}
,{"stream_name":"stdout","time":872.125515081,"data":"L-BFGS loss: 3.035e-03 | elapsed=865.4s\n"}
,{"stream_name":"stdout","time":874.417345005,"data":"L-BFGS loss: 2.971e-03 | elapsed=867.7s\n"}
,{"stream_name":"stdout","time":876.80236981,"data":"L-BFGS loss: 2.903e-03 | elapsed=870.1s\n"}
,{"stream_name":"stdout","time":879.099072825,"data":"L-BFGS loss: 2.852e-03 | elapsed=872.4s\n"}
,{"stream_name":"stdout","time":881.302140985,"data":"L-BFGS loss: 2.815e-03 | elapsed=874.6s\n"}
,{"stream_name":"stdout","time":883.777706177,"data":"L-BFGS loss: 2.763e-03 | elapsed=877.1s\n"}
,{"stream_name":"stdout","time":886.162115349,"data":"L-BFGS loss: 2.721e-03 | elapsed=879.4s\n"}
,{"stream_name":"stdout","time":888.727113677,"data":"L-BFGS loss: 2.689e-03 | elapsed=882.0s\n"}
,{"stream_name":"stdout","time":891.11115218,"data":"L-BFGS loss: 2.653e-03 | elapsed=884.4s\n"}
,{"stream_name":"stdout","time":893.57724992,"data":"L-BFGS loss: 2.612e-03 | elapsed=886.9s\n"}
,{"stream_name":"stdout","time":896.047423049,"data":"L-BFGS loss: 2.566e-03 | elapsed=889.3s\n"}
,{"stream_name":"stdout","time":898.42392946,"data":"L-BFGS loss: 2.518e-03 | elapsed=891.7s\n"}
,{"stream_name":"stdout","time":900.625349226,"data":"L-BFGS loss: 2.473e-03 | elapsed=893.9s\n"}
,{"stream_name":"stdout","time":902.919158457,"data":"L-BFGS loss: 2.441e-03 | elapsed=896.2s\n"}
,{"stream_name":"stdout","time":905.298113092,"data":"L-BFGS loss: 2.412e-03 | elapsed=898.6s\n"}
,{"stream_name":"stdout","time":907.590736898,"data":"L-BFGS loss: 2.377e-03 | elapsed=900.9s\n"}
,{"stream_name":"stdout","time":910.064399949,"data":"L-BFGS loss: 2.342e-03 | elapsed=903.3s\n"}
,{"stream_name":"stdout","time":912.268550426,"data":"L-BFGS loss: 2.322e-03 | elapsed=905.6s\n"}
,{"stream_name":"stdout","time":914.560904538,"data":"L-BFGS loss: 2.299e-03 | elapsed=907.8s\n"}
,{"stream_name":"stdout","time":916.945966268,"data":"L-BFGS loss: 2.278e-03 | elapsed=910.2s\n"}
,{"stream_name":"stdout","time":919.239430174,"data":"L-BFGS loss: 2.253e-03 | elapsed=912.5s\n"}
,{"stream_name":"stdout","time":921.534601991,"data":"L-BFGS loss: 2.232e-03 | elapsed=914.8s\n"}
,{"stream_name":"stdout","time":924.008825824,"data":"L-BFGS loss: 2.215e-03 | elapsed=917.3s\n"}
,{"stream_name":"stdout","time":926.394959925,"data":"L-BFGS loss: 2.189e-03 | elapsed=919.7s\n"}
,{"stream_name":"stdout","time":928.862587392,"data":"L-BFGS loss: 2.167e-03 | elapsed=922.1s\n"}
,{"stream_name":"stdout","time":931.245767065,"data":"L-BFGS loss: 2.150e-03 | elapsed=924.5s\n"}
,{"stream_name":"stdout","time":933.620764555,"data":"L-BFGS loss: 2.128e-03 | elapsed=926.9s\n"}
,{"stream_name":"stdout","time":936.094751675,"data":"L-BFGS loss: 2.103e-03 | elapsed=929.4s\n"}
,{"stream_name":"stdout","time":938.390076544,"data":"L-BFGS loss: 2.083e-03 | elapsed=931.7s\n"}
,{"stream_name":"stdout","time":940.774102904,"data":"L-BFGS loss: 2.068e-03 | elapsed=934.1s\n"}
,{"stream_name":"stdout","time":943.159897773,"data":"L-BFGS loss: 2.050e-03 | elapsed=936.4s\n"}
,{"stream_name":"stdout","time":945.545016104,"data":"L-BFGS loss: 2.035e-03 | elapsed=938.8s\n"}
,{"stream_name":"stdout","time":947.927536082,"data":"L-BFGS loss: 2.022e-03 | elapsed=941.2s\n"}
,{"stream_name":"stdout","time":950.405434059,"data":"L-BFGS loss: 2.004e-03 | elapsed=943.7s\n"}
,{"stream_name":"stdout","time":952.78604681,"data":"L-BFGS loss: 1.986e-03 | elapsed=946.1s\n"}
,{"stream_name":"stdout","time":955.35226143,"data":"L-BFGS loss: 1.965e-03 | elapsed=948.6s\n"}
,{"stream_name":"stdout","time":957.550218201,"data":"L-BFGS loss: 1.948e-03 | elapsed=950.8s\n"}
,{"stream_name":"stdout","time":959.934084158,"data":"L-BFGS loss: 1.936e-03 | elapsed=953.2s\n"}
,{"stream_name":"stdout","time":962.323460399,"data":"L-BFGS loss: 1.915e-03 | elapsed=955.6s\n"}
,{"stream_name":"stdout","time":964.616636684,"data":"L-BFGS loss: 1.898e-03 | elapsed=957.9s\n"}
,{"stream_name":"stdout","time":966.987507049,"data":"L-BFGS loss: 1.884e-03 | elapsed=960.3s\n"}
,{"stream_name":"stdout","time":969.362694746,"data":"L-BFGS loss: 1.871e-03 | elapsed=962.6s\n"}
,{"stream_name":"stdout","time":971.558776728,"data":"L-BFGS loss: 1.859e-03 | elapsed=964.8s\n"}
,{"stream_name":"stdout","time":973.751405397,"data":"L-BFGS loss: 1.849e-03 | elapsed=967.0s\n"}
,{"stream_name":"stdout","time":976.033276237,"data":"L-BFGS loss: 1.838e-03 | elapsed=969.3s\n"}
,{"stream_name":"stdout","time":978.319416724,"data":"L-BFGS loss: 1.828e-03 | elapsed=971.6s\n"}
,{"stream_name":"stdout","time":980.702427279,"data":"L-BFGS loss: 1.819e-03 | elapsed=974.0s\n"}
,{"stream_name":"stdout","time":982.999452841,"data":"L-BFGS loss: 1.809e-03 | elapsed=976.3s\n"}
,{"stream_name":"stdout","time":985.290282485,"data":"L-BFGS loss: 1.798e-03 | elapsed=978.6s\n"}
,{"stream_name":"stdout","time":987.766553966,"data":"L-BFGS loss: 1.790e-03 | elapsed=981.0s\n"}
,{"stream_name":"stdout","time":990.147275404,"data":"L-BFGS loss: 1.783e-03 | elapsed=983.4s\n"}
,{"stream_name":"stdout","time":992.536311842,"data":"L-BFGS loss: 1.774e-03 | elapsed=985.8s\n"}
,{"stream_name":"stdout","time":994.829666386,"data":"L-BFGS loss: 1.768e-03 | elapsed=988.1s\n"}
,{"stream_name":"stdout","time":997.210555628,"data":"L-BFGS loss: 1.758e-03 | elapsed=990.5s\n"}
,{"stream_name":"stdout","time":999.409282248,"data":"L-BFGS loss: 1.748e-03 | elapsed=992.7s\n"}
,{"stream_name":"stdout","time":1001.793650742,"data":"L-BFGS loss: 1.740e-03 | elapsed=995.1s\n"}
,{"stream_name":"stdout","time":1004.085250994,"data":"L-BFGS loss: 1.729e-03 | elapsed=997.4s\n"}
,{"stream_name":"stdout","time":1006.650808951,"data":"L-BFGS loss: 1.721e-03 | elapsed=999.9s\n"}
,{"stream_name":"stdout","time":1009.123360359,"data":"L-BFGS loss: 1.712e-03 | elapsed=1002.4s\n"}
,{"stream_name":"stdout","time":1011.404157487,"data":"L-BFGS loss: 1.703e-03 | elapsed=1004.7s\n"}
,{"stream_name":"stdout","time":1013.69067111,"data":"L-BFGS loss: 1.692e-03 | elapsed=1007.0s\n"}
,{"stream_name":"stdout","time":1015.973243805,"data":"L-BFGS loss: 1.684e-03 | elapsed=1009.3s\n"}
,{"stream_name":"stdout","time":1018.264696499,"data":"L-BFGS loss: 1.676e-03 | elapsed=1011.5s\n"}
,{"stream_name":"stdout","time":1020.644257259,"data":"L-BFGS loss: 1.670e-03 | elapsed=1013.9s\n"}
,{"stream_name":"stdout","time":1022.847037255,"data":"L-BFGS loss: 1.661e-03 | elapsed=1016.1s\n"}
,{"stream_name":"stdout","time":1025.136631068,"data":"L-BFGS loss: 1.655e-03 | elapsed=1018.4s\n"}
,{"stream_name":"stdout","time":1027.42779776,"data":"L-BFGS loss: 1.648e-03 | elapsed=1020.7s\n"}
,{"stream_name":"stdout","time":1029.716649497,"data":"L-BFGS loss: 1.637e-03 | elapsed=1023.0s\n"}
,{"stream_name":"stdout","time":1032.014605118,"data":"L-BFGS loss: 1.628e-03 | elapsed=1025.3s\n"}
,{"stream_name":"stdout","time":1034.304864676,"data":"L-BFGS loss: 1.621e-03 | elapsed=1027.6s\n"}
,{"stream_name":"stdout","time":1036.685550127,"data":"L-BFGS loss: 1.612e-03 | elapsed=1030.0s\n"}
,{"stream_name":"stdout","time":1039.16107724,"data":"L-BFGS loss: 1.603e-03 | elapsed=1032.4s\n"}
,{"stream_name":"stdout","time":1041.549707211,"data":"L-BFGS loss: 1.590e-03 | elapsed=1034.8s\n"}
,{"stream_name":"stdout","time":1043.932774633,"data":"L-BFGS loss: 1.579e-03 | elapsed=1037.2s\n"}
,{"stream_name":"stdout","time":1046.405852949,"data":"L-BFGS loss: 1.571e-03 | elapsed=1039.7s\n"}
,{"stream_name":"stdout","time":1048.789178717,"data":"L-BFGS loss: 1.558e-03 | elapsed=1042.1s\n"}
,{"stream_name":"stdout","time":1051.079240205,"data":"L-BFGS loss: 1.550e-03 | elapsed=1044.4s\n"}
,{"stream_name":"stdout","time":1053.36038123,"data":"L-BFGS loss: 1.540e-03 | elapsed=1046.6s\n"}
,{"stream_name":"stdout","time":1055.737624147,"data":"L-BFGS loss: 1.529e-03 | elapsed=1049.0s\n"}
,{"stream_name":"stdout","time":1058.025886201,"data":"L-BFGS loss: 1.518e-03 | elapsed=1051.3s\n"}
,{"stream_name":"stdout","time":1060.223394191,"data":"L-BFGS loss: 1.509e-03 | elapsed=1053.5s\n"}
,{"stream_name":"stdout","time":1062.609835623,"data":"L-BFGS loss: 1.499e-03 | elapsed=1055.9s\n"}
,{"stream_name":"stdout","time":1064.902332501,"data":"L-BFGS loss: 1.491e-03 | elapsed=1058.2s\n"}
,{"stream_name":"stdout","time":1067.286323861,"data":"L-BFGS loss: 1.482e-03 | elapsed=1060.6s\n"}
,{"stream_name":"stdout","time":1069.670443108,"data":"L-BFGS loss: 1.474e-03 | elapsed=1063.0s\n"}
,{"stream_name":"stdout","time":1072.149582703,"data":"L-BFGS loss: 1.466e-03 | elapsed=1065.4s\n"}
,{"stream_name":"stdout","time":1074.532245475,"data":"L-BFGS loss: 1.458e-03 | elapsed=1067.8s\n"}
,{"stream_name":"stdout","time":1076.821237197,"data":"L-BFGS loss: 1.451e-03 | elapsed=1070.1s\n"}
,{"stream_name":"stdout","time":1079.207750082,"data":"L-BFGS loss: 1.443e-03 | elapsed=1072.5s\n"}
,{"stream_name":"stdout","time":1081.503270101,"data":"L-BFGS loss: 1.435e-03 | elapsed=1074.8s\n"}
,{"stream_name":"stdout","time":1083.887250779,"data":"L-BFGS loss: 1.429e-03 | elapsed=1077.2s\n"}
,{"stream_name":"stdout","time":1086.085273669,"data":"L-BFGS loss: 1.422e-03 | elapsed=1079.4s\n"}
,{"stream_name":"stdout","time":1088.463578129,"data":"L-BFGS loss: 1.416e-03 | elapsed=1081.7s\n"}
,{"stream_name":"stdout","time":1090.749418561,"data":"L-BFGS loss: 1.411e-03 | elapsed=1084.0s\n"}
,{"stream_name":"stdout","time":1093.134421398,"data":"L-BFGS loss: 1.403e-03 | elapsed=1086.4s\n"}
,{"stream_name":"stdout","time":1095.426745937,"data":"L-BFGS loss: 1.394e-03 | elapsed=1088.7s\n"}
,{"stream_name":"stdout","time":1097.902025735,"data":"L-BFGS loss: 1.386e-03 | elapsed=1091.2s\n"}
,{"stream_name":"stdout","time":1100.377999404,"data":"L-BFGS loss: 1.378e-03 | elapsed=1093.7s\n"}
,{"stream_name":"stdout","time":1102.577950895,"data":"L-BFGS loss: 1.371e-03 | elapsed=1095.9s\n"}
,{"stream_name":"stdout","time":1102.577991827,"data":"\n"}
,{"stream_name":"stdout","time":1102.577998387,"data":"[TIME UP / CONVERGED] Mandatory evaluation at 1095.9s ...\n"}
,{"stream_name":"stdout","time":1102.663174041,"data":"\n"}
,{"stream_name":"stdout","time":1102.663228887,"data":"---\n"}
,{"stream_name":"stdout","time":1102.663237005,"data":"val_mse:          6.456356e-02\n"}
,{"stream_name":"stdout","time":1102.663241133,"data":"training_seconds: 1095.9\n"}
,{"stream_name":"stdout","time":1102.663244868,"data":"peak_vram_mb:     1425.7\n"}
,{"stream_name":"stdout","time":1102.663250071,"data":"num_steps:        8463\n"}
,{"stream_name":"stdout","time":1102.663253607,"data":"num_params:       66690\n"}
,{"stream_name":"stdout","time":1102.663257157,"data":"---\n"}
,{"stream_name":"stderr","time":1106.588489094,"data":"/usr/local/lib/python3.12/dist-packages/mistune.py:435: SyntaxWarning: invalid escape sequence '\\|'\n"}
,{"stream_name":"stderr","time":1106.588544581,"data":"  cells[i][c] = re.sub('\\\\\\\\\\|', '|', cell)\n"}
,{"stream_name":"stderr","time":1106.894690384,"data":"/usr/local/lib/python3.12/dist-packages/nbconvert/filters/filter_links.py:36: SyntaxWarning: invalid escape sequence '\\_'\n"}
,{"stream_name":"stderr","time":1106.89471591,"data":"  text = re.sub(r'_', '\\_', text) # Escape underscores in display text\n"}
,{"stream_name":"stderr","time":1107.53353675,"data":"/usr/local/lib/python3.12/dist-packages/traitlets/traitlets.py:2915: FutureWarning: --Exporter.preprocessors=[\"nbconvert.preprocessors.ExtractOutputPreprocessor\"] for containers is deprecated in traitlets 5.0. You can pass `--Exporter.preprocessors item` ... multiple times to add items to a list.\n"}
,{"stream_name":"stderr","time":1107.533589766,"data":"  warn(\n"}
,{"stream_name":"stderr","time":1107.593334314,"data":"[NbConvertApp] Converting notebook __script__.ipynb to html\n"}
,{"stream_name":"stderr","time":1108.964663239,"data":"[NbConvertApp] Writing 336175 bytes to __results__.html\n"}
]